Opening 'Seekfree_TC264_Opensource_Library'.
!SESSION 2026-10-08 22:30:07.060 -----------------------------------------------
eclipse.buildId=1.10.10
java.version=17.0.11
java.vendor=Eclipse Adoptium
BootLoader constants: OS=win32, ARCH=x86_64, WS=win32, NL=zh_CN
Framework arguments:  -application org.eclipse.cdt.managedbuilder.core.headlessbuild -import D:\code\FOC\Seekfree_TC264_Opensource_Library\Seekfree_TC264_Opensource_Library\build\ads-project -build Seekfree_TC264_Opensource_Library/Debug -no-indexer -printErrorMarkers
Command-line arguments:  -os win32 -ws win32 -arch x86_64 -consoleLog -application org.eclipse.cdt.managedbuilder.core.headlessbuild -data D:\code\FOC\Seekfree_TC264_Opensource_Library\Seekfree_TC264_Opensource_Library\build\ads-workspace -import D:\code\FOC\Seekfree_TC264_Opensource_Library\Seekfree_TC264_Opensource_Library\build\ads-project -build Seekfree_TC264_Opensource_Library/Debug -no-indexer -printErrorMarkers

!ENTRY com.infineon.aurix.buildsystem 1 0 2026-10-08 22:30:11.220
!MESSAGE Cannot open remote device description from URL https://itools.infineon.com/aurix_ide/ADS/com.infineon.aurix.buildsystem/1.10.10/tc2-hardware.json. Resource does not exist

!ENTRY com.infineon.aurix.buildsystem 1 0 2026-10-08 22:30:11.224
!MESSAGE Cannot open cached device description from  C:\Users\10503\ADSDocuments\1.10.10\tc2-hardware.json. Resource does not exist

!ENTRY com.infineon.aurix.buildsystem 1 0 2026-10-08 22:30:12.099
!MESSAGE Cannot open remote device description from URL https://itools.infineon.com/aurix_ide/ADS/com.infineon.aurix.buildsystem/1.10.10/tc3-hardware.json. Resource does not exist

!ENTRY com.infineon.aurix.buildsystem 1 0 2026-10-08 22:30:12.101
!MESSAGE Cannot open cached device description from  C:\Users\10503\ADSDocuments\1.10.10\tc3-hardware.json. Resource does not exist
22:30:12 **** Build of configuration Debug for project Seekfree_TC264_Opensource_Library ****
amk -j16 all 
TASKING VX-toolset for AURIX Development Studio (non-commercial): program builder v1.1r8 Build 22011964
cctc -cs --dep-file="user/foc_port.d" --misrac-version=2004 -D__CPU__=tc26xb "-fD:/code/FOC/Seekfree_TC264_Opensource_Library/Seekfree_TC264_Opensource_Library/build/ads-project/Debug/TASKING_C_C___Compiler-Include_paths__-I_.opt" --iso=99 --c++14 --language=+volatile --exceptions --anachronisms --fp-model=3 -O0 --tradeoff=4 --compact-max-size=200 -g -Wc-w544 -Wc-w557 -Ctc26xb -Y0 -N0 -Z0 -o "user/foc_port.src" "../user/foc_port.c"
astc -Og -Os --no-warnings= --error-limit=42 -o  "user/foc_port.o" "user/foc_port.src"
Building target: Seekfree_TC264_Opensource_Library.elf
Invoking: TASKING Linker
cctc -f .Seekfree_TC264_Opensource_Library.elf.opt
Finished building target: Seekfree_TC264_Opensource_Library.elf
 
Invoking: Print Size
elfsize  "Seekfree_TC264_Opensource_Library.elf"
Total sizes:
ROM: 0x89e8 (35304) = code: 0x7e70 (32368) + romdata: 0xb78 (2936)
RAM: 0x658e (25998) = data + bss
Finished building: Seekfree_TC264_Opensource_Library.siz
 

22:30:14 Build Finished. 0 errors, 0 warnings. (took 1s.830ms)

Headless build completed successfully
